{
  "data" : {
    "model" : {
      "site" : {
        "mode" : "ROOT",
        "webUrl" : "",
        "group" : "1c734e4e-2a67-40c2-9ddb-92c25132a6de\u0000Test team for node sender feature",
        "subsite" : {
          "displayedSubsite" : null,
          "subsite" : ""
        }
      },
      "list" : {
        "list" : {
          "checkExistenceInDialog" : false,
          "existingList" : "9adb4e16-3e1a-419a-bff6-3b5a2777e326\u0000test_AP215410db21d66a24f4a71821ad65b89d0c7a1\u0000test_AP-21541-0db21d66-a24f-4a71-821a-d65b89d0c7a1"
        },
        "unused" : false
      },
      "timeout" : {
        "connectionTimeout" : 21,
        "readTimeout" : 21
      }
    }
  },
  "schema" : {
    "type" : "object",
    "properties" : {
      "model" : {
        "type" : "object",
        "properties" : {
          "list" : {
            "type" : "object",
            "properties" : {
              "list" : {
                "type" : "object",
                "properties" : {
                  "checkExistenceInDialog" : {
                    "type" : "boolean",
                    "default" : true
                  },
                  "existingList" : {
                    "type" : "string",
                    "title" : "List",
                    "description" : "An existing SharePoint list. The drop down menu shows lists in the format &lt;display-name&gt;\n(&lt;internal-name&gt;). The display name is a user-chosen name that is editable in SharePoint,\nwhereas the internal name is fixed and auto-generated by SharePoint.\nThe node stores a unique technical ID which is used to find the list.\n<br/>If the ID is set to an empty string using flow variables, the internal\nname will be used instead to find the list.",
                    "default" : ""
                  }
                },
                "default" : {
                  "checkExistenceInDialog" : true,
                  "existingList" : ""
                }
              },
              "unused" : {
                "type" : "boolean",
                "default" : false
              }
            },
            "default" : {
              "list" : {
                "checkExistenceInDialog" : true,
                "existingList" : ""
              },
              "unused" : false
            }
          },
          "site" : {
            "type" : "object",
            "properties" : {
              "group" : {
                "type" : "string",
                "title" : "Group",
                "description" : "The Office 365 group whose team site to connect to."
              },
              "message" : {
                "type" : "object"
              },
              "mode" : {
                "oneOf" : [ {
                  "const" : "ROOT",
                  "title" : "Root site"
                }, {
                  "const" : "WEB_URL",
                  "title" : "Web URL"
                }, {
                  "const" : "GROUP",
                  "title" : "Group site"
                } ],
                "title" : "SharePoint site",
                "description" : "Select how to specify the SharePoint site.\n<ul>\n<li><b>Root site</b>: Connect to the root site of the domain of the current user</li>\n<li><b>Web URL</b>: Specify the web URL of a SharePoint site.</li>\n<li><b>Group site</b>: Connect to the team site of a particular Office 365 group.</li>\n</ul>",
                "default" : "ROOT"
              },
              "subsite" : {
                "type" : "object",
                "properties" : {
                  "displayedSubsite" : {
                    "type" : [ "string", "null" ],
                    "title" : "Connect to subsite",
                    "description" : "A (nested) subsite of the SharePoint site specified above. If selected, the node will connect to\nthe subsite instead of the parent site. Note that access is limited to content\nof the subsite, not those of the parent site(s).\n",
                    "default" : null
                  },
                  "subsite" : {
                    "type" : "string",
                    "default" : ""
                  }
                },
                "default" : {
                  "displayedSubsite" : null,
                  "subsite" : ""
                }
              },
              "webUrl" : {
                "type" : "string",
                "title" : "URL",
                "description" : "The web URL of the SharePoint site, for example https://mycompany.sharepoint.com",
                "default" : "https://company.sharepoint.com"
              }
            },
            "default" : {
              "mode" : "ROOT",
              "webUrl" : "https://company.sharepoint.com",
              "subsite" : {
                "displayedSubsite" : null,
                "subsite" : ""
              }
            }
          },
          "timeout" : {
            "type" : "object",
            "properties" : {
              "connectionTimeout" : {
                "type" : "integer",
                "format" : "int32",
                "title" : "Connection timeout in seconds",
                "description" : "The timeout in seconds to establish a connection, or 0 for an infinite timeout.",
                "default" : 20
              },
              "readTimeout" : {
                "type" : "integer",
                "format" : "int32",
                "title" : "Read timeout in seconds",
                "description" : "The timeout in seconds to read data from an established connection, or\n0 for an infinite timeout.",
                "default" : 20
              }
            },
            "default" : {
              "connectionTimeout" : 20,
              "readTimeout" : 20
            }
          }
        }
      }
    }
  },
  "ui_schema" : {
    "elements" : [ {
      "type" : "Control",
      "id" : "#/properties/model/properties/site/properties/message",
      "options" : {
        "format" : "textMessage"
      },
      "providedOptions" : [ "message" ]
    }, {
      "label" : "SharePoint Site",
      "type" : "Section",
      "elements" : [ {
        "type" : "Control",
        "scope" : "#/properties/model/properties/site/properties/mode",
        "options" : {
          "format" : "valueSwitch"
        }
      }, {
        "type" : "Control",
        "scope" : "#/properties/model/properties/site/properties/webUrl",
        "rule" : {
          "effect" : "SHOW",
          "condition" : {
            "scope" : "#/properties/model/properties/site/properties/mode",
            "schema" : {
              "oneOf" : [ {
                "const" : "WEB_URL"
              } ]
            }
          }
        }
      }, {
        "type" : "Control",
        "scope" : "#/properties/model/properties/site/properties/group",
        "options" : {
          "format" : "dropDown"
        },
        "providedOptions" : [ "possibleValues" ],
        "rule" : {
          "effect" : "SHOW",
          "condition" : {
            "scope" : "#/properties/model/properties/site/properties/mode",
            "schema" : {
              "oneOf" : [ {
                "const" : "GROUP"
              } ]
            }
          }
        }
      }, {
        "type" : "Control",
        "scope" : "#/properties/model/properties/site/properties/subsite/properties/displayedSubsite",
        "options" : {
          "format" : "dropDown",
          "hideOnNull" : true
        },
        "providedOptions" : [ "possibleValues", "default" ]
      } ]
    }, {
      "label" : "SharePoint List",
      "type" : "Section",
      "elements" : [ {
        "type" : "Control",
        "scope" : "#/properties/model/properties/list/properties/list/properties/existingList",
        "options" : {
          "format" : "dropDown"
        },
        "providedOptions" : [ "possibleValues" ],
        "rule" : {
          "effect" : "HIDE",
          "condition" : {
            "schema" : {
              "not" : { }
            }
          }
        }
      } ]
    }, {
      "label" : "Timeouts",
      "type" : "Section",
      "options" : {
        "isAdvanced" : true
      },
      "elements" : [ {
        "type" : "Control",
        "scope" : "#/properties/model/properties/timeout/properties/connectionTimeout",
        "options" : {
          "validation" : {
            "max" : {
              "errorMessage" : "The value must not exceed 2147483.",
              "parameters" : {
                "isExclusive" : false,
                "max" : 2147483.0
              }
            },
            "min" : {
              "errorMessage" : "The value must be at least 0.",
              "parameters" : {
                "isExclusive" : false,
                "min" : 0.0
              }
            }
          }
        }
      }, {
        "type" : "Control",
        "scope" : "#/properties/model/properties/timeout/properties/readTimeout",
        "options" : {
          "validation" : {
            "max" : {
              "errorMessage" : "The value must not exceed 2147483.",
              "parameters" : {
                "isExclusive" : false,
                "max" : 2147483.0
              }
            },
            "min" : {
              "errorMessage" : "The value must be at least 0.",
              "parameters" : {
                "isExclusive" : false,
                "min" : 0.0
              }
            }
          }
        }
      } ]
    } ]
  },
  "persist" : {
    "type" : "object",
    "properties" : {
      "model" : {
        "type" : "object",
        "properties" : {
          "site" : {
            "type" : "object",
            "properties" : {
              "message" : { },
              "mode" : { },
              "webUrl" : {
                "deprecatedConfigKeys" : [ {
                  "deprecated" : [ [ "site" ] ]
                } ]
              },
              "group" : {
                "configPaths" : [ [ "groupId" ], [ "groupName" ] ],
                "deprecatedConfigKeys" : [ {
                  "deprecated" : [ [ "group" ] ]
                } ]
              },
              "subsite" : {
                "configPaths" : [ [ "subsiteId" ], [ "subsiteName" ], [ "connectToSubsite" ] ],
                "deprecatedConfigKeys" : [ {
                  "deprecated" : [ [ "subsite" ] ]
                } ]
              }
            }
          },
          "list" : {
            "type" : "object",
            "properties" : {
              "list" : {
                "type" : "object",
                "properties" : {
                  "checkExistenceInDialog" : {
                    "configPaths" : [ ]
                  },
                  "existingList" : {
                    "configPaths" : [ [ "listId" ], [ "listDisplayName" ], [ "listInternalName" ] ]
                  }
                },
                "propertiesRoute" : [ ".." ],
                "deprecatedConfigKeys" : [ {
                  "deprecated" : [ [ "list" ], [ "listName" ] ]
                } ]
              },
              "unused" : {
                "configPaths" : [ ]
              }
            }
          },
          "timeout" : {
            "type" : "object",
            "properties" : {
              "connectionTimeout" : { },
              "readTimeout" : { }
            },
            "propertiesRoute" : [ ".." ]
          }
        }
      }
    }
  },
  "initialUpdates" : [ {
    "scope" : "#/properties/model/properties/list/properties/list/properties/checkExistenceInDialog",
    "values" : [ {
      "indices" : [ ],
      "value" : true
    } ]
  }, {
    "scope" : "#/properties/model/properties/site/properties/group",
    "providedOptionName" : "possibleValues",
    "values" : [ {
      "indices" : [ ],
      "value" : [ ]
    } ]
  }, {
    "scope" : "#/properties/model/properties/site/properties/subsite/properties/displayedSubsite",
    "providedOptionName" : "default",
    "values" : [ {
      "indices" : [ ],
      "value" : ""
    } ]
  }, {
    "id" : "#/properties/model/properties/site/properties/message",
    "providedOptionName" : "message",
    "values" : [ {
      "indices" : [ ],
      "value" : {
        "title" : "Credential unavailable",
        "description" : "Credential not available anymore. Please re-execute the preceding authenticator node.",
        "type" : "WARNING"
      }
    } ]
  } ],
  "globalUpdates" : [ {
    "trigger" : {
      "id" : "after-open-dialog"
    },
    "triggerInitially" : true,
    "dependencies" : [ "#/properties/model/properties/site", "#/properties/model/properties/site/properties/group", "#/properties/model/properties/site/properties/mode", "#/properties/model/properties/site/properties/webUrl" ]
  }, {
    "trigger" : {
      "scope" : "#/properties/model/properties/site"
    },
    "dependencies" : [ "#/properties/model/properties/site" ]
  }, {
    "trigger" : {
      "scope" : "#/properties/model/properties/site/properties/group"
    },
    "dependencies" : [ "#/properties/model/properties/site/properties/group", "#/properties/model/properties/site/properties/mode", "#/properties/model/properties/site/properties/webUrl" ]
  }, {
    "trigger" : {
      "scope" : "#/properties/model/properties/site/properties/mode"
    },
    "dependencies" : [ "#/properties/model/properties/site/properties/group", "#/properties/model/properties/site/properties/mode", "#/properties/model/properties/site/properties/webUrl" ]
  }, {
    "trigger" : {
      "scope" : "#/properties/model/properties/site/properties/subsite/properties/displayedSubsite"
    },
    "dependencies" : [ "#/properties/model/properties/site/properties/subsite/properties/displayedSubsite" ]
  }, {
    "trigger" : {
      "scope" : "#/properties/model/properties/site/properties/subsite/properties/subsite"
    },
    "dependencies" : [ "#/properties/model/properties/site/properties/subsite/properties/subsite" ]
  }, {
    "trigger" : {
      "scope" : "#/properties/model/properties/site/properties/webUrl"
    },
    "dependencies" : [ "#/properties/model/properties/site/properties/group", "#/properties/model/properties/site/properties/mode", "#/properties/model/properties/site/properties/webUrl" ]
  } ]
}