<?xml version="1.0" encoding="UTF-8"?>
<config xmlns="http://www.knime.org/2008/09/XMLConfig" xmlns:xsi="http://www.w3.org/2001/XMLSchema-instance" xsi:schemaLocation="http://www.knime.org/2008/09/XMLConfig http://www.knime.org/XMLConfig_2008_09.xsd" key="test">
    <config key="site">
        <entry key="mode" type="xstring" value="GROUP"/>
        <entry key="webUrl" type="xstring" value=""/>
        <entry key="groupId" type="xstring" value="43a9b675-77d5-44e2-8126-f1a8b9d199a9"/>
        <entry key="groupName" type="xstring" value="SharepointsListsLars"/>
        <entry key="connectToSubsite" type="xboolean" value="false"/>
        <entry key="subsiteId" type="xstring" value=""/>
        <entry key="subsiteName" type="xstring" value=""/>
    </config>
    <config key="list">
        <entry key="checkExistenceInDialog_Internals" type="xboolean" value="false"/>
        <entry key="listId" type="xstring" value="d3e885a6-bedd-4920-aa51-4d3563bda940"/>
        <entry key="listInternalName" type="xstring" value="UpdaterTest"/>
        <entry key="listDisplayName" type="xstring" value="UpdaterTest"/>
    </config>
    <config key="idColumn">
        <entry key="regularChoice" type="xstring" value="ID"/>
        <entry key="specialChoice_Internals" type="xstring" isnull="true" value=""/>
    </config>
    <entry key="connectionTimeout" type="xint" value="20"/>
    <entry key="readTimeout" type="xint" value="20"/>
</config>
